// Jest Snapshot v1, https://goo.gl/fbAQLP

exports[`loadSchema rejects if remote files cannot be fetched 1`] = `"Couldn't fetch referenced schema \\"http://not-my-domain.com/remote-schema.json\\"."`;

exports[`loadSchema rejects local files that cannot be loaded 1`] = `"Cannot find module '<PROJECT_ROOT>/__tests__/matchers/__fixtures__/nonexistent-schema.json' from 'loadSchema.js'"`;

exports[`loadSchema resolves local files 1`] = `
Object {
  "$id": "http://example.com/schemas/schema-with-defs.json",
  "$schema": "http://json-schema.org/draft-07/schema#",
  "definitions": Object {
    "int": Object {
      "type": "integer",
    },
    "str": Object {
      "type": "string",
    },
  },
}
`;

exports[`loadSchema resolves remote files 1`] = `
Object {
  "$id": "http://not-my-domain.com/remote-schema.json",
  "$schema": "http://json-schema.org/draft-07/schema#",
  "properties": Object {
    "name": Object {
      "type": "string",
    },
  },
  "type": "object",
}
`;

exports[`loadSchema throws if there is no rootDir specified 1`] = `"Must define \\"rootDir\\" option"`;

exports[`loadSchema throws if there is no rootURI specified 1`] = `"Must define \\"rootURI\\" option"`;
